2026-07-17 00:59:28 - Path: / | Active: ?? | UserRole: null | SessionId: 6c2dc1ae-761d-0e5a-beba-a512879850dc
2026-07-17 00:59:28 - Active: True | Path: / | isAdmin: False | isAuthPath: False | isMaintenancePage: False
2026-07-17 00:59:28 - REDIRECT TO /maintenance for path: /
2026-07-17 00:59:28 - Path: /maintenance | Active: ?? | UserRole: null | SessionId: 1ea1b0e5-7865-d0d7-6860-b5ccea9b1dd3
2026-07-17 00:59:28 - Active: True | Path: /maintenance | isAdmin: False | isAuthPath: False | isMaintenancePage: True
2026-07-17 00:59:37 - Path: /login | Active: ?? | UserRole: null | SessionId: 9263021e-63d9-1eb5-b9dc-9a23fb29a817
2026-07-17 00:59:37 - Active: True | Path: /login | isAdmin: False | isAuthPath: True | isMaintenancePage: False
2026-07-17 01:01:25 - Path: / | Active: ?? | UserRole: null | SessionId: 3abcd5bd-26d0-8781-ace1-b5c9125d81e3
2026-07-17 01:01:25 - Active: True | Path: / | isAdmin: False | isAuthPath: False | isMaintenancePage: False
2026-07-17 01:01:25 - REDIRECT TO /maintenance for path: /
2026-07-17 01:01:25 - Path: /maintenance | Active: ?? | UserRole: null | SessionId: 4656927b-92a8-511a-0d3d-17a005d77fe4
2026-07-17 01:01:25 - Active: True | Path: /maintenance | isAdmin: False | isAuthPath: False | isMaintenancePage: True
2026-07-17 01:01:42 - Path: /login | Active: ?? | UserRole: null | SessionId: 631fc81f-aa4a-5a3a-2f51-3cb238b1e6aa
2026-07-17 01:01:42 - Active: True | Path: /login | isAdmin: False | isAuthPath: True | isMaintenancePage: False
2026-07-17 01:01:44 - Path: /login/google | Active: ?? | UserRole: null | SessionId: 84f0ab75-be65-2fb8-0eed-143dfa9fd081
2026-07-17 01:01:44 - Active: True | Path: /login/google | isAdmin: False | isAuthPath: True | isMaintenancePage: False
2026-07-17 01:01:48 - Path: /signin-google | Active: ?? | UserRole: null | SessionId: a3324d33-a3b4-f0db-15a3-bb0c8f2ddfb8
2026-07-17 01:01:48 - Active: True | Path: /signin-google | isAdmin: False | isAuthPath: False | isMaintenancePage: False
2026-07-17 01:01:48 - REDIRECT TO /maintenance for path: /signin-google
2026-07-17 01:01:48 - Path: /maintenance | Active: ?? | UserRole: null | SessionId: 957ed7ef-c2a2-4c6c-6c0b-77f748e0f727
2026-07-17 01:01:48 - Active: True | Path: /maintenance | isAdmin: False | isAuthPath: False | isMaintenancePage: True
2026-07-17 01:03:58 - Path: / | Active: ?? | UserRole: null | SessionId: 23cccaba-d085-6636-5cdc-2db9f478a239
2026-07-17 01:03:58 - Active: True | Path: / | isAdmin: False | isAuthPath: False | isMaintenancePage: False
2026-07-17 01:03:58 - REDIRECT TO /maintenance for path: /
2026-07-17 01:03:58 - Path: /maintenance | Active: ?? | UserRole: null | SessionId: 584f8227-77e5-9c79-7815-728986ebd1d6
2026-07-17 01:03:58 - Active: True | Path: /maintenance | isAdmin: False | isAuthPath: False | isMaintenancePage: True
2026-07-17 01:04:04 - Path: /login | Active: ?? | UserRole: null | SessionId: d79b7523-9c6b-022e-c3f0-65b2485fb534
2026-07-17 01:04:04 - Active: True | Path: /login | isAdmin: False | isAuthPath: True | isMaintenancePage: False
2026-07-17 01:04:05 - Path: /login/google | Active: ?? | UserRole: null | SessionId: c7470c57-250d-c18f-b9f3-0f096f618cd1
2026-07-17 01:04:05 - Active: True | Path: /login/google | isAdmin: False | isAuthPath: True | isMaintenancePage: False
2026-07-17 01:04:10 - Path: /signin-google | Active: ?? | UserRole: null | SessionId: 13795c02-9bb9-07d0-69a5-5cc8c29351b7
2026-07-17 01:04:10 - Active: True | Path: /signin-google | isAdmin: False | isAuthPath: True | isMaintenancePage: False
2026-07-17 01:04:11 - Path: /login/google-callback | Active: ?? | UserRole: null | SessionId: 5d7bdc5d-7e44-2a53-b5cf-2b6c0f418872
2026-07-17 01:04:11 - Active: True | Path: /login/google-callback | isAdmin: False | isAuthPath: True | isMaintenancePage: False
2026-07-17 01:04:11 - Path: /Admin/Dashboard | Active: ?? | UserRole: 2 | SessionId: 5d7bdc5d-7e44-2a53-b5cf-2b6c0f418872
2026-07-17 01:04:11 - Active: True | Path: /Admin/Dashboard | isAdmin: True | isAuthPath: False | isMaintenancePage: False
2026-07-17 01:04:13 - Path: /admin/notifications/api | Active: ?? | UserRole: 2 | SessionId: 5d7bdc5d-7e44-2a53-b5cf-2b6c0f418872
2026-07-17 01:04:13 - Active: True | Path: /admin/notifications/api | isAdmin: True | isAuthPath: False | isMaintenancePage: False
2026-07-17 01:04:16 - Path: /Admin/Maintenance | Active: ?? | UserRole: 2 | SessionId: 5d7bdc5d-7e44-2a53-b5cf-2b6c0f418872
2026-07-17 01:04:16 - Active: True | Path: /Admin/Maintenance | isAdmin: True | isAuthPath: False | isMaintenancePage: False
2026-07-17 01:04:16 - Path: /admin/notifications/api | Active: ?? | UserRole: 2 | SessionId: 5d7bdc5d-7e44-2a53-b5cf-2b6c0f418872
2026-07-17 01:04:16 - Active: True | Path: /admin/notifications/api | isAdmin: True | isAuthPath: False | isMaintenancePage: False
2026-07-17 01:04:18 - Path: /Maintenance/ToggleImmediate | Active: ?? | UserRole: 2 | SessionId: 5d7bdc5d-7e44-2a53-b5cf-2b6c0f418872
2026-07-17 01:04:18 - Active: True | Path: /Maintenance/ToggleImmediate | isAdmin: True | isAuthPath: False | isMaintenancePage: False
2026-07-17 01:04:18 - Path: /Admin/Maintenance | Active: ?? | UserRole: 2 | SessionId: 5d7bdc5d-7e44-2a53-b5cf-2b6c0f418872
2026-07-17 01:04:18 - Path: /admin/notifications/api | Active: ?? | UserRole: 2 | SessionId: 5d7bdc5d-7e44-2a53-b5cf-2b6c0f418872
2026-07-17 01:04:28 - Path: /logout | Active: ?? | UserRole: 2 | SessionId: 5d7bdc5d-7e44-2a53-b5cf-2b6c0f418872
2026-07-17 01:04:28 - Path: /login | Active: ?? | UserRole: null | SessionId: 5d7bdc5d-7e44-2a53-b5cf-2b6c0f418872
2026-07-17 01:04:29 - Path: /login/google | Active: ?? | UserRole: null | SessionId: 5d7bdc5d-7e44-2a53-b5cf-2b6c0f418872
2026-07-17 01:04:34 - Path: /signin-google | Active: ?? | UserRole: null | SessionId: 5d7bdc5d-7e44-2a53-b5cf-2b6c0f418872
2026-07-17 01:04:34 - Path: /login/google-callback | Active: ?? | UserRole: null | SessionId: 5d7bdc5d-7e44-2a53-b5cf-2b6c0f418872
2026-07-17 01:04:35 - Path: /Teacher/Dashboard | Active: ?? | UserRole: 3 | SessionId: 5d7bdc5d-7e44-2a53-b5cf-2b6c0f418872
2026-07-17 01:04:41 - Path: /login | Active: ?? | UserRole: 3 | SessionId: 5d7bdc5d-7e44-2a53-b5cf-2b6c0f418872
2026-07-17 01:04:42 - Path: /login/google | Active: ?? | UserRole: 3 | SessionId: 5d7bdc5d-7e44-2a53-b5cf-2b6c0f418872
2026-07-17 01:04:50 - Path: /signin-google | Active: ?? | UserRole: 3 | SessionId: 5d7bdc5d-7e44-2a53-b5cf-2b6c0f418872
2026-07-17 01:04:51 - Path: /login/google-callback | Active: ?? | UserRole: 3 | SessionId: 5d7bdc5d-7e44-2a53-b5cf-2b6c0f418872
2026-07-17 01:04:51 - Path: /student/onboarding | Active: ?? | UserRole: 1 | SessionId: 5d7bdc5d-7e44-2a53-b5cf-2b6c0f418872
2026-07-17 01:04:53 - Path: /student/onboarding/complete | Active: ?? | UserRole: 1 | SessionId: 5d7bdc5d-7e44-2a53-b5cf-2b6c0f418872
2026-07-17 01:04:53 - Path: /student/dashboard | Active: ?? | UserRole: 1 | SessionId: 5d7bdc5d-7e44-2a53-b5cf-2b6c0f418872
2026-07-17 01:04:54 - Path: /student/notifications/api | Active: ?? | UserRole: 1 | SessionId: 5d7bdc5d-7e44-2a53-b5cf-2b6c0f418872
2026-07-17 01:05:02 - Path: /logout | Active: ?? | UserRole: 1 | SessionId: 5d7bdc5d-7e44-2a53-b5cf-2b6c0f418872
2026-07-17 01:05:02 - Path: /login | Active: ?? | UserRole: null | SessionId: 5d7bdc5d-7e44-2a53-b5cf-2b6c0f418872
2026-07-17 01:05:03 - Path: /login/google | Active: ?? | UserRole: null | SessionId: 5d7bdc5d-7e44-2a53-b5cf-2b6c0f418872
2026-07-17 01:05:08 - Path: /signin-google | Active: ?? | UserRole: null | SessionId: 5d7bdc5d-7e44-2a53-b5cf-2b6c0f418872
2026-07-17 01:05:09 - Path: /login/google-callback | Active: ?? | UserRole: null | SessionId: 5d7bdc5d-7e44-2a53-b5cf-2b6c0f418872
2026-07-17 01:05:09 - Path: /Admin/Dashboard | Active: ?? | UserRole: 2 | SessionId: 5d7bdc5d-7e44-2a53-b5cf-2b6c0f418872
2026-07-17 01:05:09 - Path: /admin/notifications/api | Active: ?? | UserRole: 2 | SessionId: 5d7bdc5d-7e44-2a53-b5cf-2b6c0f418872
2026-07-17 01:05:11 - Path: /Admin/UserManagement | Active: ?? | UserRole: 2 | SessionId: 5d7bdc5d-7e44-2a53-b5cf-2b6c0f418872
2026-07-17 01:05:11 - Path: /admin/notifications/api | Active: ?? | UserRole: 2 | SessionId: 5d7bdc5d-7e44-2a53-b5cf-2b6c0f418872
2026-07-17 01:05:13 - Path: /AuditLog | Active: ?? | UserRole: 2 | SessionId: 5d7bdc5d-7e44-2a53-b5cf-2b6c0f418872
2026-07-17 01:05:13 - Path: /admin/notifications/api | Active: ?? | UserRole: 2 | SessionId: 5d7bdc5d-7e44-2a53-b5cf-2b6c0f418872
2026-07-17 01:05:33 - Path: /logout | Active: ?? | UserRole: 2 | SessionId: 5d7bdc5d-7e44-2a53-b5cf-2b6c0f418872
2026-07-17 01:05:33 - Path: /login | Active: ?? | UserRole: null | SessionId: 5d7bdc5d-7e44-2a53-b5cf-2b6c0f418872
2026-07-17 01:05:34 - Path: /login/google | Active: ?? | UserRole: null | SessionId: 5d7bdc5d-7e44-2a53-b5cf-2b6c0f418872
2026-07-17 01:05:40 - Path: /signin-google | Active: ?? | UserRole: null | SessionId: 5d7bdc5d-7e44-2a53-b5cf-2b6c0f418872
2026-07-17 01:05:40 - Path: /login/google-callback | Active: ?? | UserRole: null | SessionId: 5d7bdc5d-7e44-2a53-b5cf-2b6c0f418872
2026-07-17 01:05:40 - Path: /Teacher/Dashboard | Active: ?? | UserRole: 3 | SessionId: 5d7bdc5d-7e44-2a53-b5cf-2b6c0f418872
2026-07-17 01:05:42 - Path: /Teacher/ClassDetail | Active: ?? | UserRole: 3 | SessionId: 5d7bdc5d-7e44-2a53-b5cf-2b6c0f418872
2026-07-17 01:05:49 - Path: /Teacher/StudentDetail | Active: ?? | UserRole: 3 | SessionId: 5d7bdc5d-7e44-2a53-b5cf-2b6c0f418872
2026-07-17 01:05:51 - Path: /Teacher/ProvideFeedback | Active: ?? | UserRole: 3 | SessionId: 5d7bdc5d-7e44-2a53-b5cf-2b6c0f418872
2026-07-17 01:05:55 - Path: /Teacher/ProvideFeedback | Active: ?? | UserRole: 3 | SessionId: 5d7bdc5d-7e44-2a53-b5cf-2b6c0f418872
2026-07-17 01:05:55 - Path: /Teacher/StudentDetail | Active: ?? | UserRole: 3 | SessionId: 5d7bdc5d-7e44-2a53-b5cf-2b6c0f418872
2026-07-17 01:06:04 - Path: /login | Active: ?? | UserRole: 3 | SessionId: 5d7bdc5d-7e44-2a53-b5cf-2b6c0f418872
2026-07-17 01:06:05 - Path: /login/google | Active: ?? | UserRole: 3 | SessionId: 5d7bdc5d-7e44-2a53-b5cf-2b6c0f418872
2026-07-17 01:06:11 - Path: /signin-google | Active: ?? | UserRole: 3 | SessionId: 5d7bdc5d-7e44-2a53-b5cf-2b6c0f418872
2026-07-17 01:06:11 - Path: /login/google-callback | Active: ?? | UserRole: 3 | SessionId: 5d7bdc5d-7e44-2a53-b5cf-2b6c0f418872
2026-07-17 01:06:11 - Path: /Admin/Dashboard | Active: ?? | UserRole: 2 | SessionId: 5d7bdc5d-7e44-2a53-b5cf-2b6c0f418872
2026-07-17 01:06:12 - Path: /admin/notifications/api | Active: ?? | UserRole: 2 | SessionId: 5d7bdc5d-7e44-2a53-b5cf-2b6c0f418872
2026-07-17 01:06:13 - Path: /AuditLog | Active: ?? | UserRole: 2 | SessionId: 5d7bdc5d-7e44-2a53-b5cf-2b6c0f418872
2026-07-17 01:06:13 - Path: /admin/notifications/api | Active: ?? | UserRole: 2 | SessionId: 5d7bdc5d-7e44-2a53-b5cf-2b6c0f418872
2026-07-17 01:06:27 - Path: /Admin/Dashboard | Active: ?? | UserRole: 2 | SessionId: 5d7bdc5d-7e44-2a53-b5cf-2b6c0f418872
2026-07-17 01:06:27 - Path: /admin/notifications/api | Active: ?? | UserRole: 2 | SessionId: 5d7bdc5d-7e44-2a53-b5cf-2b6c0f418872
2026-07-17 01:06:28 - Path: /Admin/Dashboard | Active: ?? | UserRole: 2 | SessionId: 5d7bdc5d-7e44-2a53-b5cf-2b6c0f418872
2026-07-17 01:06:28 - Path: /admin/notifications/api | Active: ?? | UserRole: 2 | SessionId: 5d7bdc5d-7e44-2a53-b5cf-2b6c0f418872
2026-07-17 01:06:48 - Path: /AcademicYears/Edit/2 | Active: ?? | UserRole: 2 | SessionId: 5d7bdc5d-7e44-2a53-b5cf-2b6c0f418872
2026-07-17 01:06:48 - Path: /admin/notifications/api | Active: ?? | UserRole: 2 | SessionId: 5d7bdc5d-7e44-2a53-b5cf-2b6c0f418872
2026-07-17 01:06:53 - Path: /AcademicYears | Active: ?? | UserRole: 2 | SessionId: 5d7bdc5d-7e44-2a53-b5cf-2b6c0f418872
2026-07-17 01:06:53 - Path: /admin/notifications/api | Active: ?? | UserRole: 2 | SessionId: 5d7bdc5d-7e44-2a53-b5cf-2b6c0f418872
2026-07-17 01:06:54 - Path: /AcademicYears/Edit/2 | Active: ?? | UserRole: 2 | SessionId: 5d7bdc5d-7e44-2a53-b5cf-2b6c0f418872
2026-07-17 01:06:54 - Path: /admin/notifications/api | Active: ?? | UserRole: 2 | SessionId: 5d7bdc5d-7e44-2a53-b5cf-2b6c0f418872
2026-07-17 01:07:02 - Path: /AcademicYears/Edit/2 | Active: ?? | UserRole: 2 | SessionId: 5d7bdc5d-7e44-2a53-b5cf-2b6c0f418872
2026-07-17 01:07:02 - Path: /admin/notifications/api | Active: ?? | UserRole: 2 | SessionId: 5d7bdc5d-7e44-2a53-b5cf-2b6c0f418872
2026-07-17 01:07:04 - Path: /AcademicYears/Edit/2 | Active: ?? | UserRole: 2 | SessionId: 5d7bdc5d-7e44-2a53-b5cf-2b6c0f418872
2026-07-17 01:07:04 - Path: /admin/notifications/api | Active: ?? | UserRole: 2 | SessionId: 5d7bdc5d-7e44-2a53-b5cf-2b6c0f418872
2026-07-17 01:07:05 - Path: /AcademicYears/Edit/2 | Active: ?? | UserRole: 2 | SessionId: 5d7bdc5d-7e44-2a53-b5cf-2b6c0f418872
2026-07-17 01:07:06 - Path: /admin/notifications/api | Active: ?? | UserRole: 2 | SessionId: 5d7bdc5d-7e44-2a53-b5cf-2b6c0f418872
2026-07-17 01:07:06 - Path: /AcademicYears/Edit/2 | Active: ?? | UserRole: 2 | SessionId: 5d7bdc5d-7e44-2a53-b5cf-2b6c0f418872
2026-07-17 01:07:06 - Path: /admin/notifications/api | Active: ?? | UserRole: 2 | SessionId: 5d7bdc5d-7e44-2a53-b5cf-2b6c0f418872
2026-07-17 01:07:08 - Path: /AcademicYears | Active: ?? | UserRole: 2 | SessionId: 5d7bdc5d-7e44-2a53-b5cf-2b6c0f418872
2026-07-17 01:07:08 - Path: /admin/notifications/api | Active: ?? | UserRole: 2 | SessionId: 5d7bdc5d-7e44-2a53-b5cf-2b6c0f418872
2026-07-17 01:07:11 - Path: /logout | Active: ?? | UserRole: 2 | SessionId: 5d7bdc5d-7e44-2a53-b5cf-2b6c0f418872
2026-07-17 01:07:11 - Path: /login | Active: ?? | UserRole: null | SessionId: 5d7bdc5d-7e44-2a53-b5cf-2b6c0f418872
2026-07-17 01:07:12 - Path: /login/google | Active: ?? | UserRole: null | SessionId: 5d7bdc5d-7e44-2a53-b5cf-2b6c0f418872
2026-07-17 01:07:19 - Path: /signin-google | Active: ?? | UserRole: null | SessionId: 5d7bdc5d-7e44-2a53-b5cf-2b6c0f418872
2026-07-17 01:07:20 - Path: /login/google-callback | Active: ?? | UserRole: null | SessionId: 5d7bdc5d-7e44-2a53-b5cf-2b6c0f418872
2026-07-17 01:07:20 - Path: /Teacher/Dashboard | Active: ?? | UserRole: 3 | SessionId: 5d7bdc5d-7e44-2a53-b5cf-2b6c0f418872
2026-07-17 01:07:22 - Path: /Teacher/ClassDetail | Active: ?? | UserRole: 3 | SessionId: 5d7bdc5d-7e44-2a53-b5cf-2b6c0f418872
2026-07-17 01:07:27 - Path: /Teacher/StudentDetail | Active: ?? | UserRole: 3 | SessionId: 5d7bdc5d-7e44-2a53-b5cf-2b6c0f418872
2026-07-17 01:07:30 - Path: /Teacher/ProvideFeedback | Active: ?? | UserRole: 3 | SessionId: 5d7bdc5d-7e44-2a53-b5cf-2b6c0f418872
2026-07-17 01:07:33 - Path: /Teacher/ProvideFeedback | Active: ?? | UserRole: 3 | SessionId: 5d7bdc5d-7e44-2a53-b5cf-2b6c0f418872
2026-07-17 01:07:33 - Path: /Teacher/StudentDetail | Active: ?? | UserRole: 3 | SessionId: 5d7bdc5d-7e44-2a53-b5cf-2b6c0f418872
2026-07-17 01:07:37 - Path: /login | Active: ?? | UserRole: 3 | SessionId: 5d7bdc5d-7e44-2a53-b5cf-2b6c0f418872
2026-07-17 01:07:39 - Path: /login/google | Active: ?? | UserRole: 3 | SessionId: 5d7bdc5d-7e44-2a53-b5cf-2b6c0f418872
2026-07-17 01:07:43 - Path: /signin-google | Active: ?? | UserRole: 3 | SessionId: 5d7bdc5d-7e44-2a53-b5cf-2b6c0f418872
2026-07-17 01:07:44 - Path: /login/google-callback | Active: ?? | UserRole: 3 | SessionId: 5d7bdc5d-7e44-2a53-b5cf-2b6c0f418872
2026-07-17 01:07:44 - Path: /Admin/Dashboard | Active: ?? | UserRole: 2 | SessionId: 5d7bdc5d-7e44-2a53-b5cf-2b6c0f418872
2026-07-17 01:07:44 - Path: /admin/notifications/api | Active: ?? | UserRole: 2 | SessionId: 5d7bdc5d-7e44-2a53-b5cf-2b6c0f418872
2026-07-17 01:07:47 - Path: /AcademicYears/Edit/2 | Active: ?? | UserRole: 2 | SessionId: 5d7bdc5d-7e44-2a53-b5cf-2b6c0f418872
2026-07-17 01:07:47 - Path: /admin/notifications/api | Active: ?? | UserRole: 2 | SessionId: 5d7bdc5d-7e44-2a53-b5cf-2b6c0f418872
2026-07-17 01:07:59 - Path: /AcademicYears/Edit/2 | Active: ?? | UserRole: 2 | SessionId: 5d7bdc5d-7e44-2a53-b5cf-2b6c0f418872
2026-07-17 01:07:59 - Path: /admin/notifications/api | Active: ?? | UserRole: 2 | SessionId: 5d7bdc5d-7e44-2a53-b5cf-2b6c0f418872
2026-07-17 01:08:01 - Path: /AcademicYears/RemoveClass/2 | Active: ?? | UserRole: 2 | SessionId: 5d7bdc5d-7e44-2a53-b5cf-2b6c0f418872
2026-07-17 01:08:01 - Path: /AcademicYears/Edit/2 | Active: ?? | UserRole: 2 | SessionId: 5d7bdc5d-7e44-2a53-b5cf-2b6c0f418872
2026-07-17 01:08:01 - Path: /admin/notifications/api | Active: ?? | UserRole: 2 | SessionId: 5d7bdc5d-7e44-2a53-b5cf-2b6c0f418872
2026-07-17 01:08:06 - Path: /logout | Active: ?? | UserRole: 2 | SessionId: 5d7bdc5d-7e44-2a53-b5cf-2b6c0f418872
2026-07-17 01:08:06 - Path: /login | Active: ?? | UserRole: null | SessionId: 5d7bdc5d-7e44-2a53-b5cf-2b6c0f418872
2026-07-17 01:08:07 - Path: /login/google | Active: ?? | UserRole: null | SessionId: 5d7bdc5d-7e44-2a53-b5cf-2b6c0f418872
2026-07-17 01:08:12 - Path: /signin-google | Active: ?? | UserRole: null | SessionId: 5d7bdc5d-7e44-2a53-b5cf-2b6c0f418872
2026-07-17 01:08:12 - Path: /login/google-callback | Active: ?? | UserRole: null | SessionId: 5d7bdc5d-7e44-2a53-b5cf-2b6c0f418872
2026-07-17 01:08:12 - Path: /Teacher/Dashboard | Active: ?? | UserRole: 3 | SessionId: 5d7bdc5d-7e44-2a53-b5cf-2b6c0f418872
2026-07-17 01:10:29 - Path: /login | Active: ?? | UserRole: null | SessionId: 8be38d2d-57fe-1a3c-ebad-fafac87f04d3
2026-07-17 01:10:35 - Path: / | Active: ?? | UserRole: null | SessionId: 2ddc1895-6b97-9eab-8a97-e1e11b158c16
2026-07-17 01:10:46 - Path: /login | Active: ?? | UserRole: null | SessionId: 55f2f703-17e4-9240-38d9-50a3933d6907
2026-07-17 01:10:48 - Path: /login/google | Active: ?? | UserRole: null | SessionId: d51aebef-bb44-2400-dee5-8ef51b29cef0
2026-07-17 01:10:53 - Path: /signin-google | Active: ?? | UserRole: null | SessionId: 82ebbfc3-749e-b7b1-7032-2fd20cf86315
2026-07-17 01:10:54 - Path: /login/google-callback | Active: ?? | UserRole: null | SessionId: 0c089622-feac-0b85-3191-0895cbb7a9b0
2026-07-17 01:10:54 - Path: /Admin/Dashboard | Active: ?? | UserRole: 2 | SessionId: 0c089622-feac-0b85-3191-0895cbb7a9b0
2026-07-17 01:10:57 - Path: /admin/notifications/api | Active: ?? | UserRole: 2 | SessionId: 0c089622-feac-0b85-3191-0895cbb7a9b0
2026-07-17 01:10:59 - Path: /logout | Active: ?? | UserRole: 2 | SessionId: 0c089622-feac-0b85-3191-0895cbb7a9b0
2026-07-17 01:10:59 - Path: /login | Active: ?? | UserRole: null | SessionId: 0c089622-feac-0b85-3191-0895cbb7a9b0
2026-07-17 01:11:03 - Path: /login/google | Active: ?? | UserRole: null | SessionId: 0c089622-feac-0b85-3191-0895cbb7a9b0
2026-07-17 01:11:12 - Path: /signin-google | Active: ?? | UserRole: null | SessionId: 0c089622-feac-0b85-3191-0895cbb7a9b0
2026-07-17 01:11:12 - Path: /login/google-callback | Active: ?? | UserRole: null | SessionId: 0c089622-feac-0b85-3191-0895cbb7a9b0
2026-07-17 01:11:12 - Path: /Teacher/Dashboard | Active: ?? | UserRole: 3 | SessionId: 0c089622-feac-0b85-3191-0895cbb7a9b0
2026-07-17 01:11:21 - Path: /login | Active: ?? | UserRole: 3 | SessionId: 0c089622-feac-0b85-3191-0895cbb7a9b0
2026-07-17 01:11:23 - Path: /login/google | Active: ?? | UserRole: 3 | SessionId: 0c089622-feac-0b85-3191-0895cbb7a9b0
2026-07-17 01:11:28 - Path: /signin-google | Active: ?? | UserRole: 3 | SessionId: 0c089622-feac-0b85-3191-0895cbb7a9b0
2026-07-17 01:11:28 - Path: /login/google-callback | Active: ?? | UserRole: 3 | SessionId: 0c089622-feac-0b85-3191-0895cbb7a9b0
2026-07-17 01:11:28 - Path: /Admin/Dashboard | Active: ?? | UserRole: 2 | SessionId: 0c089622-feac-0b85-3191-0895cbb7a9b0
2026-07-17 01:11:29 - Path: /admin/notifications/api | Active: ?? | UserRole: 2 | SessionId: 0c089622-feac-0b85-3191-0895cbb7a9b0
2026-07-17 01:14:36 - Path: /Admin/Dashboard | Active: ?? | UserRole: null | SessionId: 69994229-6c65-b96e-2146-af51a8f02215
2026-07-17 01:14:38 - Path: /admin/notifications/api | Active: ?? | UserRole: null | SessionId: 3d45af16-7119-811c-66d7-2714ca8c5e9d
2026-07-17 01:14:59 - Path: /AuditLog | Active: ?? | UserRole: null | SessionId: 88fef722-9f48-868d-a37b-405c92c2982b
2026-07-17 01:14:59 - Path: /login | Active: ?? | UserRole: null | SessionId: 15984c38-9c85-c2f1-492d-2e2e3340f525
2026-07-17 01:15:01 - Path: /login/google | Active: ?? | UserRole: null | SessionId: abf87b07-fe13-8eb3-67a4-4dfa9934fee9
2026-07-17 01:15:58 - Path: / | Active: ?? | UserRole: null | SessionId: 8c2b28ec-a62f-7493-3625-621b42ac6e46
2026-07-17 01:16:03 - Path: /login/google | Active: ?? | UserRole: null | SessionId: c852ea5d-6d95-6a0c-0204-e5ebc47e6abd
2026-07-17 01:16:07 - Path: /signin-google | Active: ?? | UserRole: null | SessionId: 34b915c3-85be-41e5-5cc6-5f82669b771c
2026-07-17 01:16:08 - Path: /login/google-callback | Active: ?? | UserRole: null | SessionId: 9494962a-281d-4cab-ecc5-2a59445055d1
2026-07-17 01:16:08 - Path: /Admin/Dashboard | Active: ?? | UserRole: 2 | SessionId: 9494962a-281d-4cab-ecc5-2a59445055d1
2026-07-17 01:16:12 - Path: /admin/notifications/api | Active: ?? | UserRole: 2 | SessionId: 9494962a-281d-4cab-ecc5-2a59445055d1
2026-07-17 01:18:09 - Path: /Admin/Dashboard | Active: ?? | UserRole: null | SessionId: 1e13bed6-19e1-cac7-6a8c-e94212355be2
2026-07-17 01:18:11 - Path: /admin/notifications/api | Active: ?? | UserRole: null | SessionId: 0037ea24-3a64-7558-002d-76e6ef56144d
2026-07-17 08:12:04 - Path: / | Active: ?? | UserRole: null | SessionId: afc6519e-ecda-3fa5-c395-ca94990c89ec
2026-07-17 08:12:08 - Path: /login | Active: ?? | UserRole: null | SessionId: f8f87ef4-36e0-f91a-732f-9d0967a69628
2026-07-17 08:12:10 - Path: /login/google | Active: ?? | UserRole: null | SessionId: ba4901d1-e9b0-bd21-0cf9-8122a24fedd8
2026-07-17 08:12:16 - Path: /signin-google | Active: ?? | UserRole: null | SessionId: 4484453a-f899-1184-b5a6-2295b3a6ae9c
2026-07-17 08:12:17 - Path: /login/google-callback | Active: ?? | UserRole: null | SessionId: d81f0f8c-af55-357e-abcb-ddc0249720ac
2026-07-17 08:12:17 - Path: /Admin/Dashboard | Active: ?? | UserRole: 2 | SessionId: d81f0f8c-af55-357e-abcb-ddc0249720ac
2026-07-17 08:12:20 - Path: /admin/notifications/api | Active: ?? | UserRole: 2 | SessionId: d81f0f8c-af55-357e-abcb-ddc0249720ac
2026-07-17 08:12:59 - Path: /AcademicYears/Edit/2 | Active: ?? | UserRole: 2 | SessionId: d81f0f8c-af55-357e-abcb-ddc0249720ac
2026-07-17 08:13:00 - Path: /admin/notifications/api | Active: ?? | UserRole: 2 | SessionId: d81f0f8c-af55-357e-abcb-ddc0249720ac
2026-07-17 08:16:38 - Path: /Admin/Maintenance | Active: ?? | UserRole: 2 | SessionId: d81f0f8c-af55-357e-abcb-ddc0249720ac
2026-07-17 08:16:38 - Path: /admin/notifications/api | Active: ?? | UserRole: 2 | SessionId: d81f0f8c-af55-357e-abcb-ddc0249720ac
2026-07-17 08:16:39 - Path: /AuditLog | Active: ?? | UserRole: 2 | SessionId: d81f0f8c-af55-357e-abcb-ddc0249720ac
2026-07-17 08:16:40 - Path: /admin/notifications/api | Active: ?? | UserRole: 2 | SessionId: d81f0f8c-af55-357e-abcb-ddc0249720ac
2026-07-17 08:16:43 - Path: /Admin/Dashboard | Active: ?? | UserRole: 2 | SessionId: d81f0f8c-af55-357e-abcb-ddc0249720ac
2026-07-17 08:16:43 - Path: /admin/notifications/api | Active: ?? | UserRole: 2 | SessionId: d81f0f8c-af55-357e-abcb-ddc0249720ac
2026-07-17 08:17:06 - Path: /Admin/UserManagement | Active: ?? | UserRole: 2 | SessionId: d81f0f8c-af55-357e-abcb-ddc0249720ac
2026-07-17 08:17:07 - Path: /admin/notifications/api | Active: ?? | UserRole: 2 | SessionId: d81f0f8c-af55-357e-abcb-ddc0249720ac
2026-07-17 08:21:07 - Path: /Admin/Dashboard | Active: ?? | UserRole: 2 | SessionId: d81f0f8c-af55-357e-abcb-ddc0249720ac
2026-07-17 08:21:08 - Path: /admin/notifications/api | Active: ?? | UserRole: 2 | SessionId: d81f0f8c-af55-357e-abcb-ddc0249720ac
2026-07-17 08:21:23 - Path: /AcademicYears | Active: ?? | UserRole: 2 | SessionId: d81f0f8c-af55-357e-abcb-ddc0249720ac
2026-07-17 08:21:23 - Path: /admin/notifications/api | Active: ?? | UserRole: 2 | SessionId: d81f0f8c-af55-357e-abcb-ddc0249720ac
2026-07-17 08:21:25 - Path: /AcademicYears/SetActive/1 | Active: ?? | UserRole: 2 | SessionId: d81f0f8c-af55-357e-abcb-ddc0249720ac
2026-07-17 08:21:25 - Path: /AcademicYears | Active: ?? | UserRole: 2 | SessionId: d81f0f8c-af55-357e-abcb-ddc0249720ac
2026-07-17 08:21:25 - Path: /admin/notifications/api | Active: ?? | UserRole: 2 | SessionId: d81f0f8c-af55-357e-abcb-ddc0249720ac
2026-07-17 08:21:26 - Path: /Admin/Dashboard | Active: ?? | UserRole: 2 | SessionId: d81f0f8c-af55-357e-abcb-ddc0249720ac
2026-07-17 08:21:27 - Path: /admin/notifications/api | Active: ?? | UserRole: 2 | SessionId: d81f0f8c-af55-357e-abcb-ddc0249720ac
2026-07-17 08:24:19 - Path: /logout | Active: ?? | UserRole: 2 | SessionId: d81f0f8c-af55-357e-abcb-ddc0249720ac
2026-07-17 08:24:19 - Path: /login | Active: ?? | UserRole: null | SessionId: d81f0f8c-af55-357e-abcb-ddc0249720ac
2026-07-17 08:24:45 - Path: /login | Active: ?? | UserRole: null | SessionId: d81f0f8c-af55-357e-abcb-ddc0249720ac
2026-07-17 08:24:45 - Path: /Home/Error/500 | Active: ?? | UserRole: null | SessionId: d81f0f8c-af55-357e-abcb-ddc0249720ac
2026-07-17 08:24:48 - Path: /login | Active: ?? | UserRole: null | SessionId: d81f0f8c-af55-357e-abcb-ddc0249720ac
2026-07-17 08:24:49 - Path: /login/google | Active: ?? | UserRole: null | SessionId: d81f0f8c-af55-357e-abcb-ddc0249720ac
2026-07-17 08:24:55 - Path: /signin-google | Active: ?? | UserRole: null | SessionId: d81f0f8c-af55-357e-abcb-ddc0249720ac
2026-07-17 08:24:56 - Path: /login/google-callback | Active: ?? | UserRole: null | SessionId: d81f0f8c-af55-357e-abcb-ddc0249720ac
2026-07-17 08:24:56 - Path: /Teacher/Dashboard | Active: ?? | UserRole: 3 | SessionId: d81f0f8c-af55-357e-abcb-ddc0249720ac
2026-07-17 08:24:59 - Path: /login | Active: ?? | UserRole: 3 | SessionId: d81f0f8c-af55-357e-abcb-ddc0249720ac
2026-07-17 08:25:05 - Path: /login | Active: ?? | UserRole: 3 | SessionId: d81f0f8c-af55-357e-abcb-ddc0249720ac
2026-07-17 08:25:05 - Path: /Home/Error/500 | Active: ?? | UserRole: 3 | SessionId: d81f0f8c-af55-357e-abcb-ddc0249720ac
2026-07-17 08:25:10 - Path: /login | Active: ?? | UserRole: 3 | SessionId: d81f0f8c-af55-357e-abcb-ddc0249720ac
2026-07-17 08:25:13 - Path: /forgot-password | Active: ?? | UserRole: 3 | SessionId: d81f0f8c-af55-357e-abcb-ddc0249720ac
2026-07-17 08:25:17 - Path: /forgot-password | Active: ?? | UserRole: 3 | SessionId: d81f0f8c-af55-357e-abcb-ddc0249720ac
2026-07-17 08:25:37 - Path: /reset-password | Active: ?? | UserRole: 3 | SessionId: d81f0f8c-af55-357e-abcb-ddc0249720ac
2026-07-17 08:25:43 - Path: /reset-password | Active: ?? | UserRole: 3 | SessionId: d81f0f8c-af55-357e-abcb-ddc0249720ac
2026-07-17 08:25:43 - Path: /login | Active: ?? | UserRole: 3 | SessionId: d81f0f8c-af55-357e-abcb-ddc0249720ac
2026-07-17 08:25:47 - Path: /login | Active: ?? | UserRole: 3 | SessionId: d81f0f8c-af55-357e-abcb-ddc0249720ac
2026-07-17 08:25:55 - Path: /login | Active: ?? | UserRole: 3 | SessionId: d81f0f8c-af55-357e-abcb-ddc0249720ac
2026-07-17 08:25:55 - Path: /Teacher/Dashboard | Active: ?? | UserRole: 3 | SessionId: d81f0f8c-af55-357e-abcb-ddc0249720ac
2026-07-17 08:26:01 - Path: /login | Active: ?? | UserRole: 3 | SessionId: d81f0f8c-af55-357e-abcb-ddc0249720ac
2026-07-17 08:27:23 - Path: /login/google | Active: ?? | UserRole: 3 | SessionId: d81f0f8c-af55-357e-abcb-ddc0249720ac
2026-07-17 08:27:30 - Path: /signin-google | Active: ?? | UserRole: 3 | SessionId: d81f0f8c-af55-357e-abcb-ddc0249720ac
2026-07-17 08:27:31 - Path: /login/google-callback | Active: ?? | UserRole: 3 | SessionId: d81f0f8c-af55-357e-abcb-ddc0249720ac
2026-07-17 08:27:31 - Path: /student/onboarding | Active: ?? | UserRole: 1 | SessionId: d81f0f8c-af55-357e-abcb-ddc0249720ac
2026-07-17 08:27:33 - Path: /student/onboarding/complete | Active: ?? | UserRole: 1 | SessionId: d81f0f8c-af55-357e-abcb-ddc0249720ac
2026-07-17 08:27:33 - Path: /student/dashboard | Active: ?? | UserRole: 1 | SessionId: d81f0f8c-af55-357e-abcb-ddc0249720ac
2026-07-17 08:27:33 - Path: /student/notifications/api | Active: ?? | UserRole: 1 | SessionId: d81f0f8c-af55-357e-abcb-ddc0249720ac
2026-07-17 08:27:35 - Path: /logout | Active: ?? | UserRole: 1 | SessionId: d81f0f8c-af55-357e-abcb-ddc0249720ac
2026-07-17 08:27:35 - Path: /login | Active: ?? | UserRole: null | SessionId: d81f0f8c-af55-357e-abcb-ddc0249720ac
2026-07-17 08:27:40 - Path: /login | Active: ?? | UserRole: null | SessionId: d81f0f8c-af55-357e-abcb-ddc0249720ac
2026-07-17 08:27:40 - Path: /Home/Error/500 | Active: ?? | UserRole: null | SessionId: d81f0f8c-af55-357e-abcb-ddc0249720ac
2026-07-17 08:27:42 - Path: /login | Active: ?? | UserRole: null | SessionId: d81f0f8c-af55-357e-abcb-ddc0249720ac
2026-07-17 08:27:44 - Path: /forgot-password | Active: ?? | UserRole: null | SessionId: d81f0f8c-af55-357e-abcb-ddc0249720ac
2026-07-17 08:27:49 - Path: /forgot-password | Active: ?? | UserRole: null | SessionId: d81f0f8c-af55-357e-abcb-ddc0249720ac
2026-07-17 08:28:15 - Path: /reset-password | Active: ?? | UserRole: null | SessionId: d81f0f8c-af55-357e-abcb-ddc0249720ac
2026-07-17 08:28:22 - Path: /reset-password | Active: ?? | UserRole: null | SessionId: d81f0f8c-af55-357e-abcb-ddc0249720ac
2026-07-17 08:28:23 - Path: /login | Active: ?? | UserRole: null | SessionId: d81f0f8c-af55-357e-abcb-ddc0249720ac
2026-07-17 08:28:31 - Path: /login | Active: ?? | UserRole: null | SessionId: d81f0f8c-af55-357e-abcb-ddc0249720ac
2026-07-17 08:28:31 - Path: /student/onboarding | Active: ?? | UserRole: 1 | SessionId: d81f0f8c-af55-357e-abcb-ddc0249720ac
2026-07-17 08:28:33 - Path: /student/onboarding/complete | Active: ?? | UserRole: 1 | SessionId: d81f0f8c-af55-357e-abcb-ddc0249720ac
2026-07-17 08:28:33 - Path: /student/dashboard | Active: ?? | UserRole: 1 | SessionId: d81f0f8c-af55-357e-abcb-ddc0249720ac
2026-07-17 08:28:33 - Path: /student/notifications/api | Active: ?? | UserRole: 1 | SessionId: d81f0f8c-af55-357e-abcb-ddc0249720ac
2026-07-17 08:28:37 - Path: /logout | Active: ?? | UserRole: 1 | SessionId: d81f0f8c-af55-357e-abcb-ddc0249720ac
2026-07-17 08:28:37 - Path: /login | Active: ?? | UserRole: null | SessionId: d81f0f8c-af55-357e-abcb-ddc0249720ac
2026-07-17 08:29:06 - Path: /login/google | Active: ?? | UserRole: null | SessionId: d81f0f8c-af55-357e-abcb-ddc0249720ac
2026-07-17 08:29:12 - Path: /signin-google | Active: ?? | UserRole: null | SessionId: d81f0f8c-af55-357e-abcb-ddc0249720ac
2026-07-17 08:29:13 - Path: /login/google-callback | Active: ?? | UserRole: null | SessionId: d81f0f8c-af55-357e-abcb-ddc0249720ac
2026-07-17 08:29:13 - Path: /student/onboarding | Active: ?? | UserRole: 1 | SessionId: d81f0f8c-af55-357e-abcb-ddc0249720ac
2026-07-17 08:29:15 - Path: /student/onboarding/complete | Active: ?? | UserRole: 1 | SessionId: d81f0f8c-af55-357e-abcb-ddc0249720ac
2026-07-17 08:29:15 - Path: /student/dashboard | Active: ?? | UserRole: 1 | SessionId: d81f0f8c-af55-357e-abcb-ddc0249720ac
2026-07-17 08:29:15 - Path: /student/notifications/api | Active: ?? | UserRole: 1 | SessionId: d81f0f8c-af55-357e-abcb-ddc0249720ac
2026-07-17 08:29:18 - Path: /student/profile | Active: ?? | UserRole: 1 | SessionId: d81f0f8c-af55-357e-abcb-ddc0249720ac
2026-07-17 08:29:18 - Path: /student/notifications/api | Active: ?? | UserRole: 1 | SessionId: d81f0f8c-af55-357e-abcb-ddc0249720ac
2026-07-17 08:34:00 - Path: / | Active: ?? | UserRole: null | SessionId: d81ececa-6127-0a4c-fbe9-0f8e0a37fd73
2026-07-17 08:34:03 - Path: /login | Active: ?? | UserRole: null | SessionId: 88735fd5-76bf-527f-a49f-ad48bc53e697
2026-07-17 08:39:06 - Path: / | Active: ?? | UserRole: null | SessionId: 1247e27e-8edd-ce8c-ba7e-fec2db1a21b8
2026-07-17 08:39:47 - Path: /login | Active: ?? | UserRole: null | SessionId: 0a2a24e1-2807-863b-f31d-a86cf6d6027e
2026-07-17 08:41:15 - Path: /login/google | Active: ?? | UserRole: null | SessionId: dbb318f8-2cb0-e626-c909-e564edb35328
2026-07-17 08:41:20 - Path: /signin-google | Active: ?? | UserRole: null | SessionId: 74eb2405-36b8-ceaf-95fd-6700db9507c2
2026-07-17 08:41:20 - Path: /login/google-callback | Active: ?? | UserRole: null | SessionId: 47deb40e-e8de-d2bd-efea-10d732fed6b7
2026-07-17 08:41:21 - Path: /Admin/Dashboard | Active: ?? | UserRole: 2 | SessionId: 47deb40e-e8de-d2bd-efea-10d732fed6b7
2026-07-17 08:41:22 - Path: /admin/notifications/api | Active: ?? | UserRole: 2 | SessionId: 47deb40e-e8de-d2bd-efea-10d732fed6b7
2026-07-17 08:41:27 - Path: /logout | Active: ?? | UserRole: 2 | SessionId: 47deb40e-e8de-d2bd-efea-10d732fed6b7
2026-07-17 08:41:27 - Path: /login | Active: ?? | UserRole: null | SessionId: 47deb40e-e8de-d2bd-efea-10d732fed6b7
2026-07-17 08:45:28 - Path: /login | Active: ?? | UserRole: null | SessionId: 47deb40e-e8de-d2bd-efea-10d732fed6b7
2026-07-21 05:53:56 - Path: / | Active: ?? | UserRole: null | SessionId: 6126e394-8e0d-43fc-9161-7bd3c014615c
2026-07-21 05:53:59 - Path: /login | Active: ?? | UserRole: null | SessionId: a59ab0a9-7483-15a1-f961-57b298182483
2026-07-21 05:54:01 - Path: /login/google | Active: ?? | UserRole: null | SessionId: c281f6ef-6bd5-be07-04a5-f752bdaec6b6
2026-07-21 05:54:07 - Path: /signin-google | Active: ?? | UserRole: null | SessionId: 26c48970-d7de-2e60-c7c5-cdbd2d6434be
2026-07-21 05:54:07 - Path: /login/google-callback | Active: ?? | UserRole: null | SessionId: e6a36de2-8e04-6994-ffad-fdfc8e47349a
2026-07-21 05:54:07 - Path: /Admin/Dashboard | Active: ?? | UserRole: 2 | SessionId: e6a36de2-8e04-6994-ffad-fdfc8e47349a
2026-07-21 05:54:09 - Path: /admin/notifications/api | Active: ?? | UserRole: 2 | SessionId: e6a36de2-8e04-6994-ffad-fdfc8e47349a
2026-07-21 05:54:11 - Path: /Admin/UserManagement | Active: ?? | UserRole: 2 | SessionId: e6a36de2-8e04-6994-ffad-fdfc8e47349a
2026-07-21 05:54:12 - Path: /admin/notifications/api | Active: ?? | UserRole: 2 | SessionId: e6a36de2-8e04-6994-ffad-fdfc8e47349a
2026-07-21 05:54:13 - Path: /Admin/Dashboard | Active: ?? | UserRole: 2 | SessionId: e6a36de2-8e04-6994-ffad-fdfc8e47349a
2026-07-21 05:54:44 - Path: /AuditLog | Active: ?? | UserRole: 2 | SessionId: e6a36de2-8e04-6994-ffad-fdfc8e47349a
2026-07-21 05:54:44 - Path: /admin/notifications/api | Active: ?? | UserRole: 2 | SessionId: e6a36de2-8e04-6994-ffad-fdfc8e47349a
2026-07-21 05:54:46 - Path: /Admin/Dashboard | Active: ?? | UserRole: 2 | SessionId: e6a36de2-8e04-6994-ffad-fdfc8e47349a
2026-07-21 05:55:52 - Path: /AcademicYears | Active: ?? | UserRole: 2 | SessionId: e6a36de2-8e04-6994-ffad-fdfc8e47349a
2026-07-21 05:55:52 - Path: /admin/notifications/api | Active: ?? | UserRole: 2 | SessionId: e6a36de2-8e04-6994-ffad-fdfc8e47349a
2026-07-21 05:58:41 - Path: /Admin/Dashboard | Active: ?? | UserRole: 2 | SessionId: e6a36de2-8e04-6994-ffad-fdfc8e47349a
2026-07-21 05:58:41 - Path: /admin/notifications/api | Active: ?? | UserRole: 2 | SessionId: e6a36de2-8e04-6994-ffad-fdfc8e47349a
2026-07-21 05:58:43 - Path: /Admin/Dashboard | Active: ?? | UserRole: 2 | SessionId: e6a36de2-8e04-6994-ffad-fdfc8e47349a
2026-07-21 05:58:43 - Path: /admin/notifications/api | Active: ?? | UserRole: 2 | SessionId: e6a36de2-8e04-6994-ffad-fdfc8e47349a
2026-07-21 05:58:58 - Path: / | Active: ?? | UserRole: null | SessionId: 8a79ef37-c667-250a-ae1d-181df9639ec5
2026-07-21 05:59:01 - Path: /Admin/Dashboard | Active: ?? | UserRole: null | SessionId: 5ed53917-239d-3170-a7a6-9d1c228ccb3d
2026-07-21 05:59:02 - Path: /admin/notifications/api | Active: ?? | UserRole: null | SessionId: 80b24b28-8e8b-d65c-a4d2-8a30fe66a878
2026-07-21 06:00:02 - Path: / | Active: ?? | UserRole: null | SessionId: 533a5a49-2d41-0307-dcb7-6118c37809dd
2026-07-21 06:00:06 - Path: /Admin/Dashboard | Active: ?? | UserRole: null | SessionId: e48cd03e-dff1-1bcd-966e-8cbacc91bf75
2026-07-21 06:00:08 - Path: /admin/notifications/api | Active: ?? | UserRole: null | SessionId: f097d3fe-a59c-ed9f-8e30-e4a9f46a06b7
2026-07-21 06:00:15 - Path: /logout | Active: ?? | UserRole: null | SessionId: 8a2247ef-40d5-9b2b-4834-db2cdd36feb0
2026-07-21 06:00:15 - Path: /login | Active: ?? | UserRole: null | SessionId: 133bb86e-8406-7db1-1bfd-24f018762d58
2026-07-21 06:00:17 - Path: /login/google | Active: ?? | UserRole: null | SessionId: 779b4087-b5db-ccc5-a30d-43e35baba345
2026-07-21 06:00:22 - Path: /signin-google | Active: ?? | UserRole: null | SessionId: fed635f2-9b97-f052-302c-20c24b82a01c
2026-07-21 06:00:22 - Path: /login/google-callback | Active: ?? | UserRole: null | SessionId: 0faa14ae-340a-d6e0-e197-e316b8ae14e1
2026-07-21 06:00:22 - Path: /Home/Error/500 | Active: ?? | UserRole: null | SessionId: 6e446b0c-ad34-08db-b457-9f15e8c65aad
2026-07-21 06:00:29 - Path: /login | Active: ?? | UserRole: null | SessionId: e9d7993b-8536-f64c-2fff-31fc0fb7c6c0
2026-07-21 06:01:27 - Path: /login/google | Active: ?? | UserRole: null | SessionId: 3b8e6035-bd4f-d144-7415-b81e330bfef9
2026-07-21 06:02:25 - Path: / | Active: ?? | UserRole: null | SessionId: e68f0a36-ae1e-3292-1147-e867f7191973
2026-07-21 06:02:28 - Path: /login | Active: ?? | UserRole: null | SessionId: 0c76ddd2-18ba-2541-fa40-d5c997cc660e
2026-07-21 06:02:29 - Path: /login/google | Active: ?? | UserRole: null | SessionId: efca2430-eef7-4bb3-7f48-a7f6b0f0cbae
2026-07-21 06:02:34 - Path: /signin-google | Active: ?? | UserRole: null | SessionId: 81313dda-fd05-c884-417e-7d7581afa164
2026-07-21 06:02:35 - Path: /login/google-callback | Active: ?? | UserRole: null | SessionId: 42156d7e-7f7b-15be-f697-6299edf1331e
2026-07-21 06:02:40 - Path: /login/google | Active: ?? | UserRole: null | SessionId: d062b94a-bc83-3cd1-abbc-115713b23c50
2026-07-21 06:02:44 - Path: /signin-google | Active: ?? | UserRole: null | SessionId: 68380023-9c29-96ef-d8d0-f0856abd9bbc
2026-07-21 06:02:44 - Path: /login/google-callback | Active: ?? | UserRole: null | SessionId: f313f34a-3147-5ece-d1e5-08af32c019b9
2026-07-21 06:02:44 - Path: /Admin/Dashboard | Active: ?? | UserRole: 2 | SessionId: f313f34a-3147-5ece-d1e5-08af32c019b9
2026-07-21 06:02:46 - Path: /admin/notifications/api | Active: ?? | UserRole: 2 | SessionId: f313f34a-3147-5ece-d1e5-08af32c019b9
2026-07-21 06:02:49 - Path: /logout | Active: ?? | UserRole: 2 | SessionId: f313f34a-3147-5ece-d1e5-08af32c019b9
2026-07-21 06:02:50 - Path: /login | Active: ?? | UserRole: null | SessionId: f313f34a-3147-5ece-d1e5-08af32c019b9
2026-07-21 06:02:51 - Path: /forgot-password | Active: ?? | UserRole: null | SessionId: f313f34a-3147-5ece-d1e5-08af32c019b9
2026-07-21 06:02:58 - Path: /forgot-password | Active: ?? | UserRole: null | SessionId: f313f34a-3147-5ece-d1e5-08af32c019b9
2026-07-21 06:03:28 - Path: /login | Active: ?? | UserRole: null | SessionId: f313f34a-3147-5ece-d1e5-08af32c019b9
2026-07-21 06:07:15 - Path: /login/google | Active: ?? | UserRole: null | SessionId: f313f34a-3147-5ece-d1e5-08af32c019b9
2026-07-21 06:07:21 - Path: /signin-google | Active: ?? | UserRole: null | SessionId: f313f34a-3147-5ece-d1e5-08af32c019b9
2026-07-21 06:07:21 - Path: /login/google-callback | Active: ?? | UserRole: null | SessionId: f313f34a-3147-5ece-d1e5-08af32c019b9
2026-07-21 06:07:21 - Path: /Admin/Dashboard | Active: ?? | UserRole: 2 | SessionId: f313f34a-3147-5ece-d1e5-08af32c019b9
2026-07-21 06:07:22 - Path: /admin/notifications/api | Active: ?? | UserRole: 2 | SessionId: f313f34a-3147-5ece-d1e5-08af32c019b9
2026-07-21 06:07:32 - Path: /Admin/UserManagement | Active: ?? | UserRole: 2 | SessionId: f313f34a-3147-5ece-d1e5-08af32c019b9
2026-07-21 06:07:33 - Path: /admin/notifications/api | Active: ?? | UserRole: 2 | SessionId: f313f34a-3147-5ece-d1e5-08af32c019b9
2026-07-21 06:07:35 - Path: /Admin/Dashboard | Active: ?? | UserRole: 2 | SessionId: f313f34a-3147-5ece-d1e5-08af32c019b9
2026-07-21 06:07:35 - Path: /admin/notifications/api | Active: ?? | UserRole: 2 | SessionId: f313f34a-3147-5ece-d1e5-08af32c019b9
2026-07-21 06:08:43 - Path: /Reports | Active: ?? | UserRole: 2 | SessionId: f313f34a-3147-5ece-d1e5-08af32c019b9
2026-07-21 06:08:43 - Path: /Home/Error/404 | Active: ?? | UserRole: 2 | SessionId: f313f34a-3147-5ece-d1e5-08af32c019b9
2026-07-21 06:08:51 - Path: /Admin/Dashboard | Active: ?? | UserRole: 2 | SessionId: f313f34a-3147-5ece-d1e5-08af32c019b9
2026-07-21 06:08:51 - Path: /admin/notifications/api | Active: ?? | UserRole: 2 | SessionId: f313f34a-3147-5ece-d1e5-08af32c019b9
2026-07-21 06:08:52 - Path: /Admin/UserManagement | Active: ?? | UserRole: 2 | SessionId: f313f34a-3147-5ece-d1e5-08af32c019b9
2026-07-21 06:08:52 - Path: /admin/notifications/api | Active: ?? | UserRole: 2 | SessionId: f313f34a-3147-5ece-d1e5-08af32c019b9
2026-07-21 06:08:53 - Path: /Admin/Dashboard | Active: ?? | UserRole: 2 | SessionId: f313f34a-3147-5ece-d1e5-08af32c019b9
2026-07-21 06:08:53 - Path: /admin/notifications/api | Active: ?? | UserRole: 2 | SessionId: f313f34a-3147-5ece-d1e5-08af32c019b9
2026-07-21 06:08:53 - Path: /Admin/UserManagement | Active: ?? | UserRole: 2 | SessionId: f313f34a-3147-5ece-d1e5-08af32c019b9
2026-07-21 06:08:53 - Path: /admin/notifications/api | Active: ?? | UserRole: 2 | SessionId: f313f34a-3147-5ece-d1e5-08af32c019b9
2026-07-21 06:09:00 - Path: /AcademicYears | Active: ?? | UserRole: 2 | SessionId: f313f34a-3147-5ece-d1e5-08af32c019b9
2026-07-21 06:09:00 - Path: /admin/notifications/api | Active: ?? | UserRole: 2 | SessionId: f313f34a-3147-5ece-d1e5-08af32c019b9
2026-07-21 06:09:06 - Path: /AcademicYears/Edit/2 | Active: ?? | UserRole: 2 | SessionId: f313f34a-3147-5ece-d1e5-08af32c019b9
2026-07-21 06:09:06 - Path: /admin/notifications/api | Active: ?? | UserRole: 2 | SessionId: f313f34a-3147-5ece-d1e5-08af32c019b9
2026-07-21 06:09:07 - Path: /AcademicYears | Active: ?? | UserRole: 2 | SessionId: f313f34a-3147-5ece-d1e5-08af32c019b9
2026-07-21 06:09:07 - Path: /admin/notifications/api | Active: ?? | UserRole: 2 | SessionId: f313f34a-3147-5ece-d1e5-08af32c019b9
2026-07-21 06:09:13 - Path: /AcademicYears/Edit/2 | Active: ?? | UserRole: 2 | SessionId: f313f34a-3147-5ece-d1e5-08af32c019b9
2026-07-21 06:09:13 - Path: /admin/notifications/api | Active: ?? | UserRole: 2 | SessionId: f313f34a-3147-5ece-d1e5-08af32c019b9
2026-07-21 06:10:04 - Path: / | Active: ?? | UserRole: null | SessionId: 7e71b5b8-f3ca-5bb5-f9c8-b6fdfee72f2c
2026-07-21 06:10:07 - Path: /AcademicYears/Edit/2 | Active: ?? | UserRole: null | SessionId: 9c80f5eb-cdfa-94cc-fdc4-10f1c4f0cbce
2026-07-21 06:10:08 - Path: /admin/notifications/api | Active: ?? | UserRole: null | SessionId: 2c4041e6-ba63-29d7-7897-7d6e9c7980e4
2026-07-21 06:10:09 - Path: /Admin/Dashboard | Active: ?? | UserRole: null | SessionId: ecb6195b-a65f-8438-6c0d-c312eea284af
2026-07-21 06:10:10 - Path: /admin/notifications/api | Active: ?? | UserRole: null | SessionId: 4f6b4707-0b14-f597-b23d-1c8b2f176b5c
2026-07-21 06:10:13 - Path: /AcademicYears | Active: ?? | UserRole: null | SessionId: 1d40d438-1a03-c1ba-0855-99f120a1dde7
2026-07-21 06:10:13 - Path: /admin/notifications/api | Active: ?? | UserRole: null | SessionId: 147ec3ee-a96d-2b7b-58c9-6ecf7b3a4be5
2026-07-21 06:10:20 - Path: /Admin/Maintenance | Active: ?? | UserRole: null | SessionId: 578ad732-50fa-2561-a895-3e8016a6097d
2026-07-21 06:10:20 - Path: /login | Active: ?? | UserRole: null | SessionId: 5d595513-e053-aa4c-f045-cbe7a6d30b60
2026-07-21 06:10:21 - Path: /login/google | Active: ?? | UserRole: null | SessionId: 6967ed9d-303f-7f99-3a18-8bd9c143c847
2026-07-21 06:10:26 - Path: /signin-google | Active: ?? | UserRole: null | SessionId: 2146a315-0863-4786-9f61-04606a12f1cb
2026-07-21 06:10:27 - Path: /login/google-callback | Active: ?? | UserRole: null | SessionId: 3afd6a0b-5c98-bc83-7495-84e133db889a
2026-07-21 06:10:27 - Path: /Admin/Dashboard | Active: ?? | UserRole: 2 | SessionId: 3afd6a0b-5c98-bc83-7495-84e133db889a
2026-07-21 06:10:27 - Path: /admin/notifications/api | Active: ?? | UserRole: 2 | SessionId: 3afd6a0b-5c98-bc83-7495-84e133db889a
2026-07-21 06:10:28 - Path: /Admin/Maintenance | Active: ?? | UserRole: 2 | SessionId: 3afd6a0b-5c98-bc83-7495-84e133db889a
2026-07-21 06:10:28 - Path: /admin/notifications/api | Active: ?? | UserRole: 2 | SessionId: 3afd6a0b-5c98-bc83-7495-84e133db889a
2026-07-21 06:12:24 - Path: /Admin/Dashboard | Active: ?? | UserRole: 2 | SessionId: 3afd6a0b-5c98-bc83-7495-84e133db889a
2026-07-21 06:12:24 - Path: /admin/notifications/api | Active: ?? | UserRole: 2 | SessionId: 3afd6a0b-5c98-bc83-7495-84e133db889a
2026-07-21 06:12:25 - Path: /AuditLog | Active: ?? | UserRole: 2 | SessionId: 3afd6a0b-5c98-bc83-7495-84e133db889a
2026-07-21 06:12:25 - Path: /admin/notifications/api | Active: ?? | UserRole: 2 | SessionId: 3afd6a0b-5c98-bc83-7495-84e133db889a
2026-07-21 06:12:27 - Path: /Admin/Dashboard | Active: ?? | UserRole: 2 | SessionId: 3afd6a0b-5c98-bc83-7495-84e133db889a
2026-07-21 06:12:28 - Path: /admin/notifications/api | Active: ?? | UserRole: 2 | SessionId: 3afd6a0b-5c98-bc83-7495-84e133db889a
2026-07-21 06:12:31 - Path: /AcademicYears/Edit/2 | Active: ?? | UserRole: 2 | SessionId: 3afd6a0b-5c98-bc83-7495-84e133db889a
2026-07-21 06:12:31 - Path: /admin/notifications/api | Active: ?? | UserRole: 2 | SessionId: 3afd6a0b-5c98-bc83-7495-84e133db889a
2026-07-21 06:12:32 - Path: /AcademicYears | Active: ?? | UserRole: 2 | SessionId: 3afd6a0b-5c98-bc83-7495-84e133db889a
2026-07-21 06:12:32 - Path: /admin/notifications/api | Active: ?? | UserRole: 2 | SessionId: 3afd6a0b-5c98-bc83-7495-84e133db889a
2026-07-21 06:12:33 - Path: /AcademicYears/SetActive/1 | Active: ?? | UserRole: 2 | SessionId: 3afd6a0b-5c98-bc83-7495-84e133db889a
2026-07-21 06:12:33 - Path: /AcademicYears | Active: ?? | UserRole: 2 | SessionId: 3afd6a0b-5c98-bc83-7495-84e133db889a
2026-07-21 06:12:33 - Path: /admin/notifications/api | Active: ?? | UserRole: 2 | SessionId: 3afd6a0b-5c98-bc83-7495-84e133db889a
2026-07-21 06:12:34 - Path: /Admin/Dashboard | Active: ?? | UserRole: 2 | SessionId: 3afd6a0b-5c98-bc83-7495-84e133db889a
2026-07-21 06:12:35 - Path: /admin/notifications/api | Active: ?? | UserRole: 2 | SessionId: 3afd6a0b-5c98-bc83-7495-84e133db889a
2026-07-21 06:12:38 - Path: /AcademicYears/Edit/1 | Active: ?? | UserRole: 2 | SessionId: 3afd6a0b-5c98-bc83-7495-84e133db889a
2026-07-21 06:12:38 - Path: /admin/notifications/api | Active: ?? | UserRole: 2 | SessionId: 3afd6a0b-5c98-bc83-7495-84e133db889a
2026-07-21 06:12:39 - Path: /AcademicYears | Active: ?? | UserRole: 2 | SessionId: 3afd6a0b-5c98-bc83-7495-84e133db889a
2026-07-21 06:12:39 - Path: /admin/notifications/api | Active: ?? | UserRole: 2 | SessionId: 3afd6a0b-5c98-bc83-7495-84e133db889a
2026-07-21 06:12:40 - Path: /AcademicYears/SetActive/2 | Active: ?? | UserRole: 2 | SessionId: 3afd6a0b-5c98-bc83-7495-84e133db889a
2026-07-21 06:12:40 - Path: /AcademicYears | Active: ?? | UserRole: 2 | SessionId: 3afd6a0b-5c98-bc83-7495-84e133db889a
2026-07-21 06:12:40 - Path: /admin/notifications/api | Active: ?? | UserRole: 2 | SessionId: 3afd6a0b-5c98-bc83-7495-84e133db889a
2026-07-21 06:12:41 - Path: /Admin/Dashboard | Active: ?? | UserRole: 2 | SessionId: 3afd6a0b-5c98-bc83-7495-84e133db889a
2026-07-21 06:12:42 - Path: /admin/notifications/api | Active: ?? | UserRole: 2 | SessionId: 3afd6a0b-5c98-bc83-7495-84e133db889a
2026-07-21 06:19:48 - Path: /Admin/UserManagement | Active: ?? | UserRole: 2 | SessionId: 3afd6a0b-5c98-bc83-7495-84e133db889a
2026-07-21 06:19:48 - Path: /admin/notifications/api | Active: ?? | UserRole: 2 | SessionId: 3afd6a0b-5c98-bc83-7495-84e133db889a
2026-07-21 06:19:52 - Path: /Admin/UserManagement | Active: ?? | UserRole: 2 | SessionId: 3afd6a0b-5c98-bc83-7495-84e133db889a
2026-07-21 06:19:52 - Path: /admin/notifications/api | Active: ?? | UserRole: 2 | SessionId: 3afd6a0b-5c98-bc83-7495-84e133db889a
2026-07-21 06:19:55 - Path: /Admin/UserManagement | Active: ?? | UserRole: 2 | SessionId: 3afd6a0b-5c98-bc83-7495-84e133db889a
2026-07-21 06:19:55 - Path: /admin/notifications/api | Active: ?? | UserRole: 2 | SessionId: 3afd6a0b-5c98-bc83-7495-84e133db889a
2026-07-21 06:19:59 - Path: /Admin/UserManagement | Active: ?? | UserRole: 2 | SessionId: 3afd6a0b-5c98-bc83-7495-84e133db889a
2026-07-21 06:19:59 - Path: /admin/notifications/api | Active: ?? | UserRole: 2 | SessionId: 3afd6a0b-5c98-bc83-7495-84e133db889a
2026-07-21 06:31:02 - Path: / | Active: ?? | UserRole: null | SessionId: e42b13d4-0897-7f81-30a0-feca43bf7a24
2026-07-21 06:31:13 - Path: /Admin/UserManagement | Active: ?? | UserRole: null | SessionId: 4a688416-43b9-6b41-f529-0eafb1b64098
2026-07-21 06:31:15 - Path: /admin/notifications/api | Active: ?? | UserRole: null | SessionId: c675b653-da8c-9c7e-abd4-e5da9fb3dc86
2026-07-21 06:31:21 - Path: /Admin/Dashboard | Active: ?? | UserRole: null | SessionId: 2a5a8940-3e75-f6d8-8e79-b42b7c7b4c92
2026-07-21 06:31:22 - Path: /admin/notifications/api | Active: ?? | UserRole: null | SessionId: 1df5dcb4-69c5-b206-8f24-753c68674ba9
2026-07-21 06:31:22 - Path: /Admin/Dashboard | Active: ?? | UserRole: null | SessionId: ecfa8289-0735-74c1-e0ac-473edadc70ac
2026-07-21 06:31:23 - Path: /admin/notifications/api | Active: ?? | UserRole: null | SessionId: 69d983c8-ac1b-bf48-b28b-228b8939be74
2026-07-21 06:31:33 - Path: /AuditLog | Active: ?? | UserRole: null | SessionId: c6a3efdb-e0e4-2718-4c38-cf226fdb2223
2026-07-21 06:31:33 - Path: /login | Active: ?? | UserRole: null | SessionId: c4ecee07-3c37-c704-79c3-f441156ce687
2026-07-21 06:31:34 - Path: /login/google | Active: ?? | UserRole: null | SessionId: aa9e2dc2-f14e-fb00-ed63-fb0e6d8ee426
2026-07-21 06:31:40 - Path: /signin-google | Active: ?? | UserRole: null | SessionId: ab8e6dc1-90ae-35e3-2e18-76919db2f408
2026-07-21 06:31:40 - Path: /login/google-callback | Active: ?? | UserRole: null | SessionId: 3671b876-1a94-5327-32cf-ff3e9d639806
2026-07-21 06:31:40 - Path: /Admin/Dashboard | Active: ?? | UserRole: 2 | SessionId: 3671b876-1a94-5327-32cf-ff3e9d639806
2026-07-21 06:31:41 - Path: /admin/notifications/api | Active: ?? | UserRole: 2 | SessionId: 3671b876-1a94-5327-32cf-ff3e9d639806
2026-07-21 06:31:46 - Path: /AuditLog | Active: ?? | UserRole: 2 | SessionId: 3671b876-1a94-5327-32cf-ff3e9d639806
2026-07-21 06:31:46 - Path: /admin/notifications/api | Active: ?? | UserRole: 2 | SessionId: 3671b876-1a94-5327-32cf-ff3e9d639806
2026-07-21 06:31:48 - Path: /Admin/Dashboard | Active: ?? | UserRole: 2 | SessionId: 3671b876-1a94-5327-32cf-ff3e9d639806
2026-07-21 06:31:48 - Path: /admin/notifications/api | Active: ?? | UserRole: 2 | SessionId: 3671b876-1a94-5327-32cf-ff3e9d639806
2026-07-21 06:32:16 - Path: /AuditLog | Active: ?? | UserRole: 2 | SessionId: 3671b876-1a94-5327-32cf-ff3e9d639806
2026-07-21 06:32:16 - Path: /admin/notifications/api | Active: ?? | UserRole: 2 | SessionId: 3671b876-1a94-5327-32cf-ff3e9d639806
2026-07-21 06:33:12 - Path: /Admin/UserManagement | Active: ?? | UserRole: 2 | SessionId: 3671b876-1a94-5327-32cf-ff3e9d639806
2026-07-21 06:33:12 - Path: /admin/notifications/api | Active: ?? | UserRole: 2 | SessionId: 3671b876-1a94-5327-32cf-ff3e9d639806
2026-07-21 06:33:13 - Path: /AcademicYears | Active: ?? | UserRole: 2 | SessionId: 3671b876-1a94-5327-32cf-ff3e9d639806
2026-07-21 06:33:13 - Path: /admin/notifications/api | Active: ?? | UserRole: 2 | SessionId: 3671b876-1a94-5327-32cf-ff3e9d639806
2026-07-21 06:33:14 - Path: /AcademicYears/Edit/2 | Active: ?? | UserRole: 2 | SessionId: 3671b876-1a94-5327-32cf-ff3e9d639806
2026-07-21 06:33:14 - Path: /admin/notifications/api | Active: ?? | UserRole: 2 | SessionId: 3671b876-1a94-5327-32cf-ff3e9d639806
2026-07-21 06:33:16 - Path: /AcademicYears | Active: ?? | UserRole: 2 | SessionId: 3671b876-1a94-5327-32cf-ff3e9d639806
2026-07-21 06:33:16 - Path: /admin/notifications/api | Active: ?? | UserRole: 2 | SessionId: 3671b876-1a94-5327-32cf-ff3e9d639806
2026-07-21 06:34:04 - Path: / | Active: ?? | UserRole: null | SessionId: 996c197d-665d-d87b-2c41-50efc88e3196
2026-07-21 06:34:09 - Path: /Admin/Dashboard | Active: ?? | UserRole: null | SessionId: cbd8b7a3-be02-184e-3b1f-88be937a4ee0
2026-07-21 06:34:10 - Path: /admin/notifications/api | Active: ?? | UserRole: null | SessionId: 85440179-4a40-4902-a877-856ce3f0fe87
